[icc2-lic Tue May 26 01:00:40 2026] Command 'check_design' requires licenses
[icc2-lic Tue May 26 01:00:40 2026] Attempting to check-out alternate set of keys directly with queueing
[icc2-lic Tue May 26 01:00:40 2026] Sending count request for 'ICCompilerII-8' 
[icc2-lic Tue May 26 01:00:40 2026] Count request for 'ICCompilerII-8' returned 1 
[icc2-lic Tue May 26 01:00:40 2026] Sending check-out request for 'ICCompilerII-8' (1) with wait option
[icc2-lic Tue May 26 01:00:40 2026] Check-out request for 'ICCompilerII-8' with wait option succeeded
[icc2-lic Tue May 26 01:00:40 2026] Sending checkout check request for 'ICCompilerII-8' 
[icc2-lic Tue May 26 01:00:40 2026] Checkout check request for 'ICCompilerII-8' returned 0 
[icc2-lic Tue May 26 01:00:40 2026] Sending count request for 'ICCompilerII-8' 
[icc2-lic Tue May 26 01:00:40 2026] Count request for 'ICCompilerII-8' returned 1 
[icc2-lic Tue May 26 01:00:40 2026] Sending count request for 'ICCompilerII-NX' 
[icc2-lic Tue May 26 01:00:40 2026] Count request for 'ICCompilerII-NX' returned 1 
[icc2-lic Tue May 26 01:00:40 2026] Sending check-out request for 'ICCompilerII-NX' (1) with wait option
[icc2-lic Tue May 26 01:00:40 2026] Check-out request for 'ICCompilerII-NX' with wait option succeeded
[icc2-lic Tue May 26 01:00:40 2026] Sending checkout check request for 'ICCompilerII-NX' 
[icc2-lic Tue May 26 01:00:40 2026] Checkout check request for 'ICCompilerII-NX' returned 0 
[icc2-lic Tue May 26 01:00:40 2026] Sending count request for 'ICCompilerII-NX' 
[icc2-lic Tue May 26 01:00:40 2026] Count request for 'ICCompilerII-NX' returned 1 
[icc2-lic Tue May 26 01:00:40 2026] Check-out of alternate set of keys directly with queueing was successful
Error: "pre_place_opt_stage" is not a valid check name. (EMS-035)
Error: 0
      	Use error_info for more info. (CMD-013)
